<?xml version="1.0" encoding="UTF-8"?>
<testsuites name="jest tests" tests="3" failures="0" errors="0" time="17.108">
  <testsuite name="require-field-of-type-query-in-mutation-result" errors="0" failures="0" skipped="0" timestamp="2022-11-10T14:37:25" time="15.871" tests="3">
    <testcase classname="require-field-of-type-query-in-mutation-result valid 
        # type Query is not defined and no error is reported
      type Mutation {
        createUser: CreateUserPayload!
      }
" name="require-field-of-type-query-in-mutation-result valid 
        # type Query is not defined and no error is reported
      type Mutation {
        createUser: CreateUserPayload!
      }
" time="0.507">
    </testcase>
    <testcase classname="require-field-of-type-query-in-mutation-result invalid Test for failure" name="require-field-of-type-query-in-mutation-result invalid Test for failure" time="0.285">
    </testcase>
    <testcase classname=" Test for failure" name=" Test for failure" time="0.014">
    </testcase>
  </testsuite>
</testsuites>